2026-09-27 07:42:27 INFO  o.s.b.t.c.SpringBootTestContextBootstrapper - Neither @ContextConfiguration nor @ContextHierarchy found for test class [com.tech.application.rest.ApplicationRestApplicationTests], using SpringBootContextLoader
2026-09-27 07:42:27 INFO  o.s.t.c.s.AbstractContextLoader - Could not detect default resource locations for test class [com.tech.application.rest.ApplicationRestApplicationTests]: no resource found for suffixes {-context.xml, Context.groovy}.
2026-09-27 07:42:27 INFO  o.s.t.c.s.AnnotationConfigContextLoaderUtils - Could not detect default configuration classes for test class [com.tech.application.rest.ApplicationRestApplicationTests]: ApplicationRestApplicationTests does not declare any static, non-private, non-final, nested classes annotated with @Configuration.
2026-09-27 07:42:27 INFO  o.s.b.t.c.SpringBootTestContextBootstrapper - Found @SpringBootConfiguration com.tech.application.rest.ApplicationRestApplication for test class com.tech.application.rest.ApplicationRestApplicationTests
2026-09-27 07:42:27 INFO  o.s.b.t.c.SpringBootTestContextBootstrapper - Loaded default TestExecutionListener class names from location [META-INF/spring.factories]: [org.springframework.boot.test.mock.mockito.MockitoTestExecutionListener, org.springframework.boot.test.mock.mockito.ResetMocksTestExecutionListener, org.springframework.boot.test.autoconfigure.restdocs.RestDocsTestExecutionListener, org.springframework.boot.test.autoconfigure.web.client.MockRestServiceServerResetTestExecutionListener, org.springframework.boot.test.autoconfigure.web.servlet.MockMvcPrintOnlyOnFailureTestExecutionListener, org.springframework.boot.test.autoconfigure.web.servlet.WebDriverTestExecutionListener, org.springframework.boot.test.autoconfigure.webservices.client.MockWebServiceServerTestExecutionListener, org.springframework.test.context.web.ServletTestExecutionListener, org.springframework.test.context.support.DirtiesContextBeforeModesTestExecutionListener, org.springframework.test.context.event.ApplicationEventsTestExecutionListener, org.springframework.test.context.support.DependencyInjectionTestExecutionListener, org.springframework.test.context.support.DirtiesContextTestExecutionListener, org.springframework.test.context.transaction.TransactionalTestExecutionListener, org.springframework.test.context.jdbc.SqlScriptsTestExecutionListener, org.springframework.test.context.event.EventPublishingTestExecutionListener]
2026-09-27 07:42:27 INFO  o.s.b.t.c.SpringBootTestContextBootstrapper - Using TestExecutionListeners: [org.springframework.test.context.web.ServletTestExecutionListener@d5a72cd, org.springframework.test.context.support.DirtiesContextBeforeModesTestExecutionListener@45f95ac0, org.springframework.test.context.event.ApplicationEventsTestExecutionListener@3b77940f, org.springframework.boot.test.mock.mockito.MockitoTestExecutionListener@4c418496, org.springframework.boot.test.autoconfigure.SpringBootDependencyInjectionTestExecutionListener@12d35bc9, org.springframework.test.context.support.DirtiesContextTestExecutionListener@1df32c09, org.springframework.test.context.transaction.TransactionalTestExecutionListener@1aa31454, org.springframework.test.context.jdbc.SqlScriptsTestExecutionListener@5a8656a2, org.springframework.test.context.event.EventPublishingTestExecutionListener@52035328, org.springframework.boot.test.mock.mockito.ResetMocksTestExecutionListener@5614ae05, org.springframework.boot.test.autoconfigure.restdocs.RestDocsTestExecutionListener@54970127, org.springframework.boot.test.autoconfigure.web.client.MockRestServiceServerResetTestExecutionListener@3c4c7e51, org.springframework.boot.test.autoconfigure.web.servlet.MockMvcPrintOnlyOnFailureTestExecutionListener@749ee0e3, org.springframework.boot.test.autoconfigure.web.servlet.WebDriverTestExecutionListener@7891cf3, org.springframework.boot.test.autoconfigure.webservices.client.MockWebServiceServerTestExecutionListener@6bfbab1c]
2026-09-27 07:42:28 INFO  c.t.a.r.ApplicationRestApplicationTests - Starting ApplicationRestApplicationTests using Java 1.8.0_391 on LPTP01 with PID 31952 (started by Josue in D:\Desarrollo\UPN\Calidad\UPN-service-proyecto)
2026-09-27 07:42:28 INFO  c.t.a.r.ApplicationRestApplicationTests - No active profile set, falling back to default profiles: default
2026-09-27 07:42:28 INFO  o.h.validator.internal.util.Version - HV000001: Hibernate Validator 6.2.0.Final
2026-09-27 07:42:28 INFO  o.s.d.r.c.RepositoryConfigurationDelegate - Bootstrapping Spring Data JPA repositories in DEFAULT mode.
2026-09-27 07:42:29 INFO  o.s.d.r.c.RepositoryConfigurationDelegate - Finished Spring Data repository scanning in 123 ms. Found 23 JPA repository interfaces.
2026-09-27 07:42:29 INFO  o.s.c.s.PostProcessorRegistrationDelegate$BeanPostProcessorChecker - Bean 'org.springframework.security.access.expression.method.DefaultMethodSecurityExpressionHandler@595ebb98' of type [org.springframework.security.access.expression.method.DefaultMethodSecurityExpressionHandler] is not eligible for getting processed by all BeanPostProcessors (for example: not eligible for auto-proxying)
2026-09-27 07:42:29 INFO  o.s.c.s.PostProcessorRegistrationDelegate$BeanPostProcessorChecker - Bean 'methodSecurityMetadataSource' of type [org.springframework.security.access.method.DelegatingMethodSecurityMetadataSource] is not eligible for getting processed by all BeanPostProcessors (for example: not eligible for auto-proxying)
2026-09-27 07:42:29 INFO  com.zaxxer.hikari.HikariDataSource - HikariPool-1 - Starting...
2026-09-27 07:42:30 INFO  com.zaxxer.hikari.HikariDataSource - HikariPool-1 - Start completed.
2026-09-27 07:42:30 INFO  o.h.jpa.internal.util.LogHelper - HHH000204: Processing PersistenceUnitInfo [name: default]
2026-09-27 07:42:30 INFO  org.hibernate.Version - HHH000412: Hibernate ORM core version 5.4.32.Final
2026-09-27 07:42:30 INFO  o.h.annotations.common.Version - HCANN000001: Hibernate Commons Annotations {5.1.2.Final}
2026-09-27 07:42:30 INFO  org.hibernate.dialect.Dialect - HHH000400: Using dialect: org.hibernate.dialect.SQLServer2008Dialect
2026-09-27 07:42:31 WARN  org.hibernate.mapping.RootClass - HHH000038: Composite-id class does not override equals(): com.tech.application.rest.models.entity.keys.PlaPersonalId
2026-09-27 07:42:31 WARN  org.hibernate.mapping.RootClass - HHH000039: Composite-id class does not override hashCode(): com.tech.application.rest.models.entity.keys.PlaPersonalId
2026-09-27 07:42:31 WARN  org.hibernate.mapping.RootClass - HHH000038: Composite-id class does not override equals(): com.tech.application.rest.models.entity.keys.SkmConfigVisualizacionId
2026-09-27 07:42:31 WARN  org.hibernate.mapping.RootClass - HHH000039: Composite-id class does not override hashCode(): com.tech.application.rest.models.entity.keys.SkmConfigVisualizacionId
2026-09-27 07:42:32 INFO  o.h.e.t.j.p.i.JtaPlatformInitiator - HHH000490: Using JtaPlatform implementation: [org.hibernate.engine.transaction.jta.platform.internal.NoJtaPlatform]
2026-09-27 07:42:32 INFO  o.s.o.j.LocalContainerEntityManagerFactoryBean - Initialized JPA EntityManagerFactory for persistence unit 'default'
2026-09-27 07:42:33 WARN  o.s.b.a.o.j.JpaBaseConfiguration$JpaWebConfiguration - spring.jpa.open-in-view is enabled by default. Therefore, database queries may be performed during view rendering. Explicitly configure spring.jpa.open-in-view to disable this warning
2026-09-27 07:42:33 INFO  o.s.s.web.DefaultSecurityFilterChain - Will secure any request with [org.springframework.security.web.context.request.async.WebAsyncManagerIntegrationFilter@305d9b5a, org.springframework.security.web.context.SecurityContextPersistenceFilter@52b2117c, org.springframework.security.web.header.HeaderWriterFilter@47c65fea, org.springframework.web.filter.CorsFilter@7fb48671, org.springframework.security.web.authentication.logout.LogoutFilter@4bf43047, com.tech.application.rest.security.jwt.JwtTokenFilter@48a93e54, org.springframework.security.web.savedrequest.RequestCacheAwareFilter@71c8f630, org.springframework.security.web.servletapi.SecurityContextHolderAwareRequestFilter@c24dd49, org.springframework.security.web.authentication.AnonymousAuthenticationFilter@424ec583, org.springframework.security.web.session.SessionManagementFilter@a27c8c1, org.springframework.security.web.access.ExceptionTranslationFilter@4bfb7cde, org.springframework.security.web.access.intercept.FilterSecurityInterceptor@179509a6]
2026-09-27 07:42:34 INFO  c.t.a.r.ApplicationRestApplicationTests - Started ApplicationRestApplicationTests in 6.197 seconds (JVM running for 7.373)
2026-09-27 07:42:34 INFO  o.s.mock.web.MockServletContext - Initializing Spring TestDispatcherServlet ''
2026-09-27 07:42:34 INFO  o.s.t.w.s.TestDispatcherServlet - Initializing Servlet ''
2026-09-27 07:42:34 INFO  o.s.t.w.s.TestDispatcherServlet - Completed initialization in 0 ms
2026-09-27 07:42:36 INFO  o.s.mock.web.MockServletContext - Initializing Spring TestDispatcherServlet ''
2026-09-27 07:42:36 INFO  o.s.t.w.s.TestDispatcherServlet - Initializing Servlet ''
2026-09-27 07:42:36 INFO  o.s.t.w.s.TestDispatcherServlet - Completed initialization in 0 ms
2026-09-27 07:42:36 INFO  o.s.mock.web.MockServletContext - Initializing Spring TestDispatcherServlet ''
2026-09-27 07:42:36 INFO  o.s.t.w.s.TestDispatcherServlet - Initializing Servlet ''
2026-09-27 07:42:36 INFO  o.s.t.w.s.TestDispatcherServlet - Completed initialization in 0 ms
2026-09-27 07:42:36 INFO  o.s.mock.web.MockServletContext - Initializing Spring TestDispatcherServlet ''
2026-09-27 07:42:36 INFO  o.s.t.w.s.TestDispatcherServlet - Initializing Servlet ''
2026-09-27 07:42:36 INFO  o.s.t.w.s.TestDispatcherServlet - Completed initialization in 0 ms
2026-09-27 07:42:36 INFO  o.s.mock.web.MockServletContext - Initializing Spring TestDispatcherServlet ''
2026-09-27 07:42:36 INFO  o.s.t.w.s.TestDispatcherServlet - Initializing Servlet ''
2026-09-27 07:42:36 INFO  o.s.t.w.s.TestDispatcherServlet - Completed initialization in 0 ms
2026-09-27 07:42:36 INFO  o.s.mock.web.MockServletContext - Initializing Spring TestDispatcherServlet ''
2026-09-27 07:42:36 INFO  o.s.t.w.s.TestDispatcherServlet - Initializing Servlet ''
2026-09-27 07:42:36 INFO  o.s.t.w.s.TestDispatcherServlet - Completed initialization in 0 ms
2026-09-27 07:42:36 INFO  o.s.mock.web.MockServletContext - Initializing Spring TestDispatcherServlet ''
2026-09-27 07:42:36 INFO  o.s.t.w.s.TestDispatcherServlet - Initializing Servlet ''
2026-09-27 07:42:36 INFO  o.s.t.w.s.TestDispatcherServlet - Completed initialization in 0 ms
2026-09-27 07:42:36 INFO  o.s.mock.web.MockServletContext - Initializing Spring TestDispatcherServlet ''
2026-09-27 07:42:36 INFO  o.s.t.w.s.TestDispatcherServlet - Initializing Servlet ''
2026-09-27 07:42:36 INFO  o.s.t.w.s.TestDispatcherServlet - Completed initialization in 0 ms
2026-09-27 07:42:36 INFO  o.s.mock.web.MockServletContext - Initializing Spring TestDispatcherServlet ''
2026-09-27 07:42:36 INFO  o.s.t.w.s.TestDispatcherServlet - Initializing Servlet ''
2026-09-27 07:42:36 INFO  o.s.t.w.s.TestDispatcherServlet - Completed initialization in 0 ms
2026-09-27 07:42:36 INFO  o.s.mock.web.MockServletContext - Initializing Spring TestDispatcherServlet ''
2026-09-27 07:42:36 INFO  o.s.t.w.s.TestDispatcherServlet - Initializing Servlet ''
2026-09-27 07:42:36 INFO  o.s.t.w.s.TestDispatcherServlet - Completed initialization in 0 ms
2026-09-27 07:42:36 INFO  o.s.mock.web.MockServletContext - Initializing Spring TestDispatcherServlet ''
2026-09-27 07:42:36 INFO  o.s.t.w.s.TestDispatcherServlet - Initializing Servlet ''
2026-09-27 07:42:36 INFO  o.s.t.w.s.TestDispatcherServlet - Completed initialization in 0 ms
2026-09-27 07:42:36 INFO  o.s.mock.web.MockServletContext - Initializing Spring TestDispatcherServlet ''
2026-09-27 07:42:36 INFO  o.s.t.w.s.TestDispatcherServlet - Initializing Servlet ''
2026-09-27 07:42:36 INFO  o.s.t.w.s.TestDispatcherServlet - Completed initialization in 0 ms
2026-09-27 07:42:36 INFO  o.s.mock.web.MockServletContext - Initializing Spring TestDispatcherServlet ''
2026-09-27 07:42:36 INFO  o.s.t.w.s.TestDispatcherServlet - Initializing Servlet ''
2026-09-27 07:42:36 INFO  o.s.t.w.s.TestDispatcherServlet - Completed initialization in 0 ms
2026-09-27 07:42:36 INFO  o.s.mock.web.MockServletContext - Initializing Spring TestDispatcherServlet ''
2026-09-27 07:42:36 INFO  o.s.t.w.s.TestDispatcherServlet - Initializing Servlet ''
2026-09-27 07:42:36 INFO  o.s.t.w.s.TestDispatcherServlet - Completed initialization in 0 ms
2026-09-27 07:42:36 INFO  o.s.mock.web.MockServletContext - Initializing Spring TestDispatcherServlet ''
2026-09-27 07:42:36 INFO  o.s.t.w.s.TestDispatcherServlet - Initializing Servlet ''
2026-09-27 07:42:36 INFO  o.s.t.w.s.TestDispatcherServlet - Completed initialization in 0 ms
2026-09-27 07:42:36 INFO  o.s.mock.web.MockServletContext - Initializing Spring TestDispatcherServlet ''
2026-09-27 07:42:36 INFO  o.s.t.w.s.TestDispatcherServlet - Initializing Servlet ''
2026-09-27 07:42:36 INFO  o.s.t.w.s.TestDispatcherServlet - Completed initialization in 0 ms
2026-09-27 07:42:36 INFO  o.s.mock.web.MockServletContext - Initializing Spring TestDispatcherServlet ''
2026-09-27 07:42:36 INFO  o.s.t.w.s.TestDispatcherServlet - Initializing Servlet ''
2026-09-27 07:42:36 INFO  o.s.t.w.s.TestDispatcherServlet - Completed initialization in 0 ms
2026-09-27 07:42:36 INFO  o.s.mock.web.MockServletContext - Initializing Spring TestDispatcherServlet ''
2026-09-27 07:42:36 INFO  o.s.t.w.s.TestDispatcherServlet - Initializing Servlet ''
2026-09-27 07:42:36 INFO  o.s.t.w.s.TestDispatcherServlet - Completed initialization in 0 ms
2026-09-27 07:42:36 INFO  o.s.mock.web.MockServletContext - Initializing Spring TestDispatcherServlet ''
2026-09-27 07:42:36 INFO  o.s.t.w.s.TestDispatcherServlet - Initializing Servlet ''
2026-09-27 07:42:36 INFO  o.s.t.w.s.TestDispatcherServlet - Completed initialization in 0 ms
2026-09-27 07:42:36 INFO  o.s.mock.web.MockServletContext - Initializing Spring TestDispatcherServlet ''
2026-09-27 07:42:36 INFO  o.s.t.w.s.TestDispatcherServlet - Initializing Servlet ''
2026-09-27 07:42:36 INFO  o.s.t.w.s.TestDispatcherServlet - Completed initialization in 0 ms
2026-09-27 07:42:37 INFO  o.s.mock.web.MockServletContext - Initializing Spring TestDispatcherServlet ''
2026-09-27 07:42:37 INFO  o.s.t.w.s.TestDispatcherServlet - Initializing Servlet ''
2026-09-27 07:42:37 INFO  o.s.t.w.s.TestDispatcherServlet - Completed initialization in 0 ms
2026-09-27 07:42:37 INFO  o.s.mock.web.MockServletContext - Initializing Spring TestDispatcherServlet ''
2026-09-27 07:42:37 INFO  o.s.t.w.s.TestDispatcherServlet - Initializing Servlet ''
2026-09-27 07:42:37 INFO  o.s.t.w.s.TestDispatcherServlet - Completed initialization in 0 ms
2026-09-27 07:42:37 INFO  o.s.o.j.LocalContainerEntityManagerFactoryBean - Closing JPA EntityManagerFactory for persistence unit 'default'
2026-09-27 07:42:37 INFO  com.zaxxer.hikari.HikariDataSource - HikariPool-1 - Shutdown initiated...
2026-09-27 07:42:37 INFO  com.zaxxer.hikari.HikariDataSource - HikariPool-1 - Shutdown completed.
